../Core/Src/main.c:158:6:Check_Uart_update	24	static
../Core/Src/main.c:185:6:HAL_SPI_TxCpltCallback	16	static
../Core/Src/main.c:189:6:Send_Uart1	24	static
../Core/Src/main.c:199:6:isIrmsChanged	32	static
../Core/Src/main.c:223:6:Default_Display	72	static
../Core/Src/main.c:279:6:Update_StatusBt	40	static
../Core/Src/main.c:349:6:Screen2_Ctrl	32	static
../Core/Src/main.c:382:6:Screen1_Ctrl	32	static
../Core/Src/main.c:450:6:Touch_XY	48	static
../Core/Src/main.c:662:6:Update_Current_Val	192	static
../Core/Src/main.c:702:6:Send_Request_Lora	24	static
../Core/Src/main.c:721:6:Send_Lora_UpdateRelay	32	static
../Core/Src/main.c:750:6:HAL_TIM_PeriodElapsedCallback	16	static
../Core/Src/main.c:764:6:HAL_GPIO_EXTI_Callback	16	static
../Core/Src/main.c:778:6:ConvertFloatAsBytes	16	static
../Core/Src/main.c:783:6:HAL_UART_RxCpltCallback	40	static
../Core/Src/main.c:837:5:main	40	static
../Core/Src/main.c:1094:6:SystemClock_Config	88	static
../Core/Src/main.c:1140:13:MX_SPI1_Init	8	static
../Core/Src/main.c:1178:13:MX_SPI2_Init	8	static
../Core/Src/main.c:1216:13:MX_SPI3_Init	8	static
../Core/Src/main.c:1254:13:MX_TIM2_Init	32	static
../Core/Src/main.c:1299:13:MX_TIM3_Init	32	static
../Core/Src/main.c:1344:13:MX_USART1_UART_Init	8	static
../Core/Src/main.c:1375:13:MX_DMA_Init	16	static
../Core/Src/main.c:1393:13:MX_GPIO_Init	48	static
../Core/Src/main.c:1466:6:Error_Handler	4	static,ignoring_inline_asm
