../Core/Src/main.c:89:6:lora_node_send	16	static
../Core/Src/main.c:105:6:HAL_GPIO_EXTI_Callback	16	static
../Core/Src/main.c:181:5:main	40	static
../Core/Src/main.c:354:6:SystemClock_Config	88	static
../Core/Src/main.c:397:13:MX_ADC1_Init	24	static
../Core/Src/main.c:465:13:MX_I2C1_Init	8	static
../Core/Src/main.c:497:13:MX_SPI1_Init	8	static
../Core/Src/main.c:533:13:MX_TIM1_Init	32	static
../Core/Src/main.c:574:13:MX_DMA_Init	16	static
../Core/Src/main.c:586:13:MX_GPIO_Init	40	static
../Core/Src/main.c:640:1:__io_putchar	16	static
../Core/Src/main.c:654:6:Error_Handler	4	static,ignoring_inline_asm
